{"level":"info","ts":"2026-04-24T20:30:27.417+0800","caller":"bluebell/main.go:27","msg":"logger init success"}
{"level":"info","ts":"2026-04-24T20:30:27.418+0800","caller":"bluebell/main.go:35","msg":"init mysql success"}
{"level":"info","ts":"2026-04-24T20:30:27.419+0800","caller":"bluebell/main.go:43","msg":"init redis success"}
{"level":"info","ts":"2026-04-24T20:33:18.969+0800","caller":"bluebell/main.go:27","msg":"logger init success"}
{"level":"info","ts":"2026-04-24T20:33:18.970+0800","caller":"bluebell/main.go:35","msg":"init mysql success"}
{"level":"info","ts":"2026-04-24T20:33:18.970+0800","caller":"bluebell/main.go:43","msg":"init redis success"}
{"level":"info","ts":"2026-04-24T20:33:29.157+0800","caller":"logger/logger.go:74","msg":"/register","status":200,"method":"POST","query":"","ip":"127.0.0.1","user-agent":"PostmanRuntime/7.53.0","cost":0.00011763}
{"level":"info","ts":"2026-04-25T11:04:12.953+0800","caller":"bluebell/main.go:27","msg":"logger init success"}
{"level":"info","ts":"2026-04-25T11:04:12.954+0800","caller":"bluebell/main.go:35","msg":"init mysql success"}
{"level":"info","ts":"2026-04-25T11:04:12.954+0800","caller":"bluebell/main.go:43","msg":"init redis success"}
{"level":"info","ts":"2026-04-25T11:04:51.625+0800","caller":"logger/logger.go:74","msg":"/register","status":200,"method":"POST","query":"","ip":"127.0.0.1","user-agent":"PostmanRuntime/7.53.0","cost":0.000179712}
{"level":"error","ts":"2026-04-25T11:04:59.652+0800","caller":"controllers/user.go:17","msg":"获取请求参数失败","error":"Key: 'ParamSignUp.Repassword' Error:Field validation for 'Repassword' failed on the 'eqfield' tag"}
{"level":"info","ts":"2026-04-25T11:04:59.652+0800","caller":"logger/logger.go:74","msg":"/register","status":200,"method":"POST","query":"","ip":"127.0.0.1","user-agent":"PostmanRuntime/7.53.0","cost":0.000099053}
{"level":"info","ts":"2026-04-25T11:05:30.432+0800","caller":"logger/logger.go:74","msg":"/register","status":200,"method":"POST","query":"","ip":"127.0.0.1","user-agent":"PostmanRuntime/7.53.0","cost":0.000294936}
{"level":"error","ts":"2026-04-25T11:05:39.955+0800","caller":"controllers/user.go:17","msg":"获取请求参数失败","error":"Key: 'ParamSignUp.Email' Error:Field validation for 'Email' failed on the 'email' tag"}
{"level":"info","ts":"2026-04-25T11:05:39.955+0800","caller":"logger/logger.go:74","msg":"/register","status":200,"method":"POST","query":"","ip":"127.0.0.1","user-agent":"PostmanRuntime/7.53.0","cost":0.000121397}
{"level":"info","ts":"2026-04-25T13:42:00.819+0800","caller":"bluebell/main.go:27","msg":"logger init success"}
{"level":"info","ts":"2026-04-25T13:42:00.819+0800","caller":"bluebell/main.go:35","msg":"init mysql success"}
{"level":"info","ts":"2026-04-25T13:42:00.820+0800","caller":"bluebell/main.go:43","msg":"init redis success"}
{"level":"error","ts":"2026-04-25T13:42:11.961+0800","caller":"controllers/user.go:17","msg":"获取请求参数失败","error":"Key: 'ParamSignUp.email' Error:Field validation for 'email' failed on the 'email' tag"}
{"level":"info","ts":"2026-04-25T13:42:11.961+0800","caller":"logger/logger.go:74","msg":"/register","status":200,"method":"POST","query":"","ip":"127.0.0.1","user-agent":"PostmanRuntime/7.53.0","cost":0.000119379}
{"level":"info","ts":"2026-04-25T13:43:28.336+0800","caller":"bluebell/main.go:27","msg":"logger init success"}
{"level":"info","ts":"2026-04-25T13:43:28.336+0800","caller":"bluebell/main.go:35","msg":"init mysql success"}
{"level":"info","ts":"2026-04-25T13:43:28.337+0800","caller":"bluebell/main.go:43","msg":"init redis success"}
{"level":"error","ts":"2026-04-25T13:43:42.814+0800","caller":"controllers/user.go:17","msg":"获取请求参数失败","error":"Key: 'ParamSignUp.repassword' Error:Field validation for 'repassword' failed on the 'eqfield' tag"}
{"level":"info","ts":"2026-04-25T13:43:42.814+0800","caller":"logger/logger.go:74","msg":"/register","status":200,"method":"POST","query":"","ip":"127.0.0.1","user-agent":"PostmanRuntime/7.53.0","cost":0.000326336}
{"level":"info","ts":"2026-04-25T13:46:15.580+0800","caller":"bluebell/main.go:27","msg":"logger init success"}
{"level":"info","ts":"2026-04-25T13:46:15.580+0800","caller":"bluebell/main.go:35","msg":"init mysql success"}
{"level":"info","ts":"2026-04-25T13:46:15.581+0800","caller":"bluebell/main.go:43","msg":"init redis success"}
{"level":"error","ts":"2026-04-25T13:46:18.146+0800","caller":"controllers/user.go:17","msg":"获取请求参数失败","error":"Key: 'ParamSignUp.repassword' Error:Field validation for 'repassword' failed on the 'eqfield' tag"}
{"level":"info","ts":"2026-04-25T13:46:18.146+0800","caller":"logger/logger.go:74","msg":"/register","status":200,"method":"POST","query":"","ip":"127.0.0.1","user-agent":"PostmanRuntime/7.53.0","cost":0.000262411}
{"level":"error","ts":"2026-04-25T13:46:26.601+0800","caller":"controllers/user.go:17","msg":"获取请求参数失败","error":"Key: 'ParamSignUp.repassword' Error:Field validation for 'repassword' failed on the 'eqfield' tag"}
{"level":"info","ts":"2026-04-25T13:46:26.601+0800","caller":"logger/logger.go:74","msg":"/register","status":200,"method":"POST","query":"","ip":"127.0.0.1","user-agent":"PostmanRuntime/7.53.0","cost":0.000107462}
{"level":"info","ts":"2026-04-25T13:54:00.035+0800","caller":"bluebell/main.go:27","msg":"logger init success"}
{"level":"info","ts":"2026-04-25T13:54:00.036+0800","caller":"bluebell/main.go:35","msg":"init mysql success"}
{"level":"info","ts":"2026-04-25T13:54:00.036+0800","caller":"bluebell/main.go:43","msg":"init redis success"}
{"level":"error","ts":"2026-04-25T13:54:07.550+0800","caller":"controllers/user.go:18","msg":"获取请求参数失败","error":"Key: 'ParamSignUp.repassword' Error:Field validation for 'repassword' failed on the 'eqfield' tag"}
{"level":"info","ts":"2026-04-25T13:54:07.550+0800","caller":"logger/logger.go:74","msg":"/register","status":200,"method":"POST","query":"","ip":"127.0.0.1","user-agent":"PostmanRuntime/7.53.0","cost":0.000224269}
{"level":"info","ts":"2026-04-25T13:55:47.756+0800","caller":"bluebell/main.go:27","msg":"logger init success"}
{"level":"info","ts":"2026-04-25T13:55:47.757+0800","caller":"bluebell/main.go:35","msg":"init mysql success"}
{"level":"info","ts":"2026-04-25T13:55:47.758+0800","caller":"bluebell/main.go:43","msg":"init redis success"}
{"level":"error","ts":"2026-04-25T13:55:51.359+0800","caller":"controllers/user.go:18","msg":"获取请求参数失败","error":"Key: 'ParamSignUp.repassword' Error:Field validation for 'repassword' failed on the 'eqfield' tag"}
{"level":"info","ts":"2026-04-25T13:55:51.359+0800","caller":"logger/logger.go:74","msg":"/register","status":200,"method":"POST","query":"","ip":"127.0.0.1","user-agent":"PostmanRuntime/7.53.0","cost":0.000235}
{"level":"error","ts":"2026-04-25T13:56:12.565+0800","caller":"controllers/user.go:18","msg":"获取请求参数失败","error":"Key: 'ParamSignUp.repassword' Error:Field validation for 'repassword' failed on the 'eqfield' tag"}
{"level":"info","ts":"2026-04-25T13:56:12.565+0800","caller":"logger/logger.go:74","msg":"/register","status":200,"method":"POST","query":"","ip":"127.0.0.1","user-agent":"PostmanRuntime/7.53.0","cost":0.00006109}
{"level":"info","ts":"2026-04-28T15:32:56.864+0800","caller":"bluebell/main.go:27","msg":"logger init success"}
{"level":"info","ts":"2026-04-28T15:32:56.866+0800","caller":"bluebell/main.go:35","msg":"init mysql success"}
{"level":"info","ts":"2026-04-28T15:32:56.876+0800","caller":"bluebell/main.go:43","msg":"init redis success"}
{"level":"info","ts":"2026-04-28T15:35:53.477+0800","caller":"bluebell/main.go:27","msg":"logger init success"}
{"level":"info","ts":"2026-04-28T15:35:53.478+0800","caller":"bluebell/main.go:35","msg":"init mysql success"}
{"level":"info","ts":"2026-04-28T15:35:53.479+0800","caller":"bluebell/main.go:43","msg":"init redis success"}
{"level":"error","ts":"2026-04-28T15:36:07.344+0800","caller":"logger/logger.go:120","msg":"recovery form panic","error":"runtime error: invalid memory address or nil pointer dereference","request":"POST /register HTTP/1.1\r\nHost: 127.0.0.1:8080\r\nAccept: */*\r\nAccept-Encoding: gzip, deflate, br\r\nAccept-Language: zh\r\nConnection: keep-alive\r\nContent-Length: 84\r\nContent-Type: application/json\r\nPostman-Token: 8c5aa319-895d-4025-89ce-8515e8d70cda\r\nUser-Agent: PostmanRuntime/7.53.0\r\n\r\n"}
{"level":"info","ts":"2026-04-28T15:36:07.344+0800","caller":"logger/logger.go:74","msg":"/register","status":500,"method":"POST","query":"","ip":"127.0.0.1","user-agent":"PostmanRuntime/7.53.0","cost":0.000630588}
{"level":"info","ts":"2026-04-28T15:44:13.076+0800","caller":"bluebell/main.go:27","msg":"logger init success"}
{"level":"info","ts":"2026-04-28T15:44:13.076+0800","caller":"bluebell/main.go:35","msg":"init mysql success"}
{"level":"info","ts":"2026-04-28T15:44:13.077+0800","caller":"bluebell/main.go:43","msg":"init redis success"}
{"level":"error","ts":"2026-04-28T15:44:21.358+0800","caller":"logger/logger.go:120","msg":"recovery form panic","error":"runtime error: invalid memory address or nil pointer dereference","request":"POST /register HTTP/1.1\r\nHost: 127.0.0.1:8080\r\nAccept: */*\r\nAccept-Encoding: gzip, deflate, br\r\nAccept-Language: zh\r\nConnection: keep-alive\r\nContent-Length: 84\r\nContent-Type: application/json\r\nPostman-Token: 56029be6-10d9-4078-b851-49ff3d1c22f4\r\nUser-Agent: PostmanRuntime/7.53.0\r\n\r\n"}
{"level":"info","ts":"2026-04-28T15:44:21.358+0800","caller":"logger/logger.go:74","msg":"/register","status":500,"method":"POST","query":"","ip":"127.0.0.1","user-agent":"PostmanRuntime/7.53.0","cost":0.000873182}
{"level":"info","ts":"2026-04-28T15:50:54.405+0800","caller":"bluebell/main.go:27","msg":"logger init success"}
{"level":"info","ts":"2026-04-28T15:50:54.407+0800","caller":"bluebell/main.go:35","msg":"init mysql success"}
{"level":"info","ts":"2026-04-28T15:50:54.413+0800","caller":"bluebell/main.go:43","msg":"init redis success"}
{"level":"error","ts":"2026-04-28T15:50:57.395+0800","caller":"logger/logger.go:120","msg":"recovery form panic","error":"runtime error: invalid memory address or nil pointer dereference","request":"POST /register HTTP/1.1\r\nHost: 127.0.0.1:8080\r\nAccept: */*\r\nAccept-Encoding: gzip, deflate, br\r\nAccept-Language: zh\r\nConnection: keep-alive\r\nContent-Length: 84\r\nContent-Type: application/json\r\nPostman-Token: a4fad8aa-7a2b-48a1-b875-510018b608af\r\nUser-Agent: PostmanRuntime/7.53.0\r\n\r\n"}
{"level":"info","ts":"2026-04-28T15:50:57.396+0800","caller":"logger/logger.go:74","msg":"/register","status":500,"method":"POST","query":"","ip":"127.0.0.1","user-agent":"PostmanRuntime/7.53.0","cost":0.00199301}
{"level":"info","ts":"2026-04-28T15:56:32.361+0800","caller":"bluebell/main.go:27","msg":"logger init success"}
{"level":"info","ts":"2026-04-28T15:56:32.362+0800","caller":"bluebell/main.go:35","msg":"init mysql success"}
{"level":"info","ts":"2026-04-28T15:56:32.362+0800","caller":"bluebell/main.go:43","msg":"init redis success"}
{"level":"info","ts":"2026-04-28T16:00:03.350+0800","caller":"bluebell/main.go:27","msg":"logger init success"}
{"level":"info","ts":"2026-04-28T16:00:03.351+0800","caller":"bluebell/main.go:35","msg":"init mysql success"}
{"level":"info","ts":"2026-04-28T16:00:03.351+0800","caller":"bluebell/main.go:43","msg":"init redis success"}
{"level":"error","ts":"2026-04-28T16:00:12.543+0800","caller":"logger/logger.go:120","msg":"recovery form panic","error":"runtime error: invalid memory address or nil pointer dereference","request":"POST /register HTTP/1.1\r\nHost: 127.0.0.1:8080\r\nAccept: */*\r\nAccept-Encoding: gzip, deflate, br\r\nAccept-Language: zh\r\nConnection: keep-alive\r\nContent-Length: 84\r\nContent-Type: application/json\r\nPostman-Token: 4f951c05-c418-4be6-8963-351c6cde1c27\r\nUser-Agent: PostmanRuntime/7.53.0\r\n\r\n"}
{"level":"info","ts":"2026-04-28T16:00:12.543+0800","caller":"logger/logger.go:74","msg":"/register","status":500,"method":"POST","query":"","ip":"127.0.0.1","user-agent":"PostmanRuntime/7.53.0","cost":0.000613492}
{"level":"info","ts":"2026-04-28T16:02:07.737+0800","caller":"bluebell/main.go:27","msg":"logger init success"}
{"level":"info","ts":"2026-04-28T16:02:07.738+0800","caller":"bluebell/main.go:35","msg":"init mysql success"}
{"level":"info","ts":"2026-04-28T16:02:07.739+0800","caller":"bluebell/main.go:43","msg":"init redis success"}
{"level":"error","ts":"2026-04-28T16:02:11.112+0800","caller":"logger/logger.go:120","msg":"recovery form panic","error":"runtime error: invalid memory address or nil pointer dereference","request":"POST /register HTTP/1.1\r\nHost: 127.0.0.1:8080\r\nAccept: */*\r\nAccept-Encoding: gzip, deflate, br\r\nAccept-Language: zh\r\nConnection: keep-alive\r\nContent-Length: 84\r\nContent-Type: application/json\r\nPostman-Token: 06187d90-5f0d-44e2-ac13-7f0f48dd8a8a\r\nUser-Agent: PostmanRuntime/7.53.0\r\n\r\n","stack":"goroutine 19 [running]:\nruntime/debug.Stack()\n\t/usr/local/go/src/runtime/debug/stack.go:26 +0x5e\nbluebell/router.SetupRouter.ZapRecovery.func2.1()\n\t/home/singdile/Work/bluebell/logger/logger.go:113 +0x37b\npanic({0x1185880?, 0x1d8f3f0?})\n\t/usr/local/go/src/runtime/panic.go:860 +0x13a\ninternal/sync.(*Mutex).Lock(...)\n\t/usr/local/go/src/internal/sync/mutex.go:63\nsync.(*Mutex).Lock(...)\n\t/usr/local/go/src/sync/mutex.go:46\ngithub.com/bwmarrin/snowflake.(*Node).Generate(0x0)\n\t/home/singdile/go/pkg/mod/github.com/bwmarrin/snowflake@v0.3.0/snowflake.go:137 +0x23\nbluebell/pkg/snowflake.GenID(...)\n\t/home/singdile/Work/bluebell/pkg/snowflake/snowflake.go:30\nbluebell/logic.SignUp(0x648220a4480)\n\t/home/singdile/Work/bluebell/logic/user.go:26 +0x45\nbluebell/controllers.SignUp(0x64822056200)\n\t/home/singdile/Work/bluebell/controllers/user.go:41 +0x53d\ngithub.com/gin-gonic/gin.(*Context).Next(0x64822056200)\n\t/home/singdile/go/pkg/mod/github.com/gin-gonic/gin@v1.12.0/context.go:192 +0x5f\nbluebell/router.SetupRouter.ZapRecovery.func2(0x4f22b3?)\n\t/home/singdile/Work/bluebell/logger/logger.go:140 +0x47\ngithub.com/gin-gonic/gin.(*Context).Next(0x64822056200)\n\t/home/singdile/go/pkg/mod/github.com/gin-gonic/gin@v1.12.0/context.go:192 +0x5f\nbluebell/router.SetupRouter.ZapLogger.func1(0x64822056200)\n\t/home/singdile/Work/bluebell/logger/logger.go:54 +0x75\ngithub.com/gin-gonic/gin.(*Context).Next(0x64822056200)\n\t/home/singdile/go/pkg/mod/github.com/gin-gonic/gin@v1.12.0/context.go:192 +0x5f\ngithub.com/gin-gonic/gin.(*Engine).handleHTTPRequest(0x64822072000, 0x64822056200)\n\t/home/singdile/go/pkg/mod/github.com/gin-gonic/gin@v1.12.0/gin.go:722 +0x45e\ngithub.com/gin-gonic/gin.(*Engine).ServeHTTP(0x64822072000, {0x1336778, 0x648220302d0}, 0x648220c0000)\n\t/home/singdile/go/pkg/mod/github.com/gin-gonic/gin@v1.12.0/gin.go:672 +0x1dc\nnet/http.serverHandler.ServeHTTP({0x1332f98?}, {0x1336778?, 0x648220302d0?}, 0x6?)\n\t/usr/local/go/src/net/http/server.go:3311 +0x8e\nnet/http.(*conn).serve(0x64822040240, {0x1337b58, 0x648220a42a0})\n\t/usr/local/go/src/net/http/server.go:2073 +0x650\ncreated by net/http.(*Server).Serve in goroutine 1\n\t/usr/local/go/src/net/http/server.go:3464 +0x485\n"}
{"level":"info","ts":"2026-04-28T16:02:11.112+0800","caller":"logger/logger.go:74","msg":"/register","status":500,"method":"POST","query":"","ip":"127.0.0.1","user-agent":"PostmanRuntime/7.53.0","cost":0.000893437}
{"level":"info","ts":"2026-04-28T16:26:27.426+0800","caller":"bluebell/main.go:28","msg":"logger init success"}
{"level":"info","ts":"2026-04-28T16:26:27.427+0800","caller":"bluebell/main.go:36","msg":"init mysql success"}
{"level":"info","ts":"2026-04-28T16:26:27.428+0800","caller":"bluebell/main.go:44","msg":"init redis success"}
{"level":"error","ts":"2026-04-28T16:26:27.428+0800","caller":"bluebell/main.go:48","msg":"failed to init snowflake node","error":"parsing time \"\" as \"2006-01-02\": cannot parse \"\" as \"2006\""}
{"level":"info","ts":"2026-04-28T16:29:58.205+0800","caller":"bluebell/main.go:28","msg":"logger init success"}
{"level":"info","ts":"2026-04-28T16:29:58.206+0800","caller":"bluebell/main.go:36","msg":"init mysql success"}
{"level":"info","ts":"2026-04-28T16:29:58.206+0800","caller":"bluebell/main.go:44","msg":"init redis success"}
{"level":"error","ts":"2026-04-28T16:29:58.206+0800","caller":"bluebell/main.go:49","msg":"failed to init snowflake node","error":"parsing time \"\" as \"2006-01-02\": cannot parse \"\" as \"2006\""}
{"level":"info","ts":"2026-04-28T16:33:21.864+0800","caller":"bluebell/main.go:28","msg":"logger init success"}
{"level":"info","ts":"2026-04-28T16:33:21.864+0800","caller":"bluebell/main.go:36","msg":"init mysql success"}
{"level":"info","ts":"2026-04-28T16:33:21.865+0800","caller":"bluebell/main.go:44","msg":"init redis success"}
{"level":"info","ts":"2026-04-28T16:33:21.865+0800","caller":"bluebell/main.go:52","msg":"init snowflake node success"}
{"level":"error","ts":"2026-04-28T16:33:30.977+0800","caller":"controllers/user.go:43","msg":"插入用户数据失败","error":"Error 1364 (HY000): Field 'email' doesn't have a default value"}
{"level":"info","ts":"2026-04-28T16:33:30.978+0800","caller":"logger/logger.go:74","msg":"/register","status":200,"method":"POST","query":"","ip":"127.0.0.1","user-agent":"PostmanRuntime/7.53.0","cost":0.052370275}
{"level":"info","ts":"2026-04-28T16:33:46.513+0800","caller":"bluebell/main.go:28","msg":"logger init success"}
{"level":"info","ts":"2026-04-28T16:33:46.513+0800","caller":"bluebell/main.go:36","msg":"init mysql success"}
{"level":"info","ts":"2026-04-28T16:33:46.514+0800","caller":"bluebell/main.go:44","msg":"init redis success"}
{"level":"info","ts":"2026-04-28T16:33:46.514+0800","caller":"bluebell/main.go:52","msg":"init snowflake node success"}
{"level":"error","ts":"2026-04-28T16:33:50.362+0800","caller":"controllers/user.go:43","msg":"插入用户数据失败","error":"Error 1364 (HY000): Field 'email' doesn't have a default value"}
{"level":"info","ts":"2026-04-28T16:33:50.362+0800","caller":"logger/logger.go:74","msg":"/register","status":200,"method":"POST","query":"","ip":"127.0.0.1","user-agent":"PostmanRuntime/7.53.0","cost":0.053927091}
{"level":"info","ts":"2026-04-28T16:59:12.616+0800","caller":"bluebell/main.go:28","msg":"logger init success"}
{"level":"info","ts":"2026-04-28T16:59:12.616+0800","caller":"bluebell/main.go:36","msg":"init mysql success"}
{"level":"info","ts":"2026-04-28T16:59:12.617+0800","caller":"bluebell/main.go:44","msg":"init redis success"}
{"level":"info","ts":"2026-04-28T16:59:12.617+0800","caller":"bluebell/main.go:52","msg":"init snowflake node success"}
{"level":"info","ts":"2026-04-28T16:59:20.423+0800","caller":"logger/logger.go:74","msg":"/register","status":200,"method":"POST","query":"","ip":"127.0.0.1","user-agent":"PostmanRuntime/7.53.0","cost":0.054627372}
{"level":"info","ts":"2026-04-29T13:40:00.344+0800","caller":"bluebell/main.go:28","msg":"logger init success"}
{"level":"info","ts":"2026-04-29T13:40:00.363+0800","caller":"bluebell/main.go:36","msg":"init mysql success"}
{"level":"info","ts":"2026-04-29T13:40:00.367+0800","caller":"bluebell/main.go:44","msg":"init redis success"}
{"level":"info","ts":"2026-04-29T13:40:00.367+0800","caller":"bluebell/main.go:52","msg":"init snowflake node success"}
{"level":"error","ts":"2026-04-29T13:40:18.929+0800","caller":"controllers/user.go:43","msg":"插入用户数据失败","error":"用户已经存在"}
{"level":"info","ts":"2026-04-29T13:40:18.929+0800","caller":"logger/logger.go:91","msg":"/register","status":200,"method":"POST","query":"","ip":"127.0.0.1","user-agent":"PostmanRuntime/7.53.0","cost":0.004519342}
{"level":"info","ts":"2026-04-30T12:05:16.335+0800","caller":"bluebell/main.go:28","msg":"logger init success"}
{"level":"info","ts":"2026-04-30T12:05:16.340+0800","caller":"bluebell/main.go:36","msg":"init mysql success"}
{"level":"error","ts":"2026-04-30T12:05:18.416+0800","caller":"bluebell/main.go:40","msg":"failed to init redis","error":"dial tcp 127.0.0.1:6379: connect: connection refused"}
{"level":"info","ts":"2026-04-30T12:08:21.165+0800","caller":"bluebell/main.go:28","msg":"logger init success"}
{"level":"info","ts":"2026-04-30T12:08:21.165+0800","caller":"bluebell/main.go:36","msg":"init mysql success"}
{"level":"error","ts":"2026-04-30T12:08:23.241+0800","caller":"bluebell/main.go:40","msg":"failed to init redis","error":"dial tcp 127.0.0.1:6379: connect: connection refused"}
{"level":"info","ts":"2026-04-30T12:11:46.575+0800","caller":"bluebell/main.go:28","msg":"logger init success"}
{"level":"info","ts":"2026-04-30T12:11:46.576+0800","caller":"bluebell/main.go:36","msg":"init mysql success"}
{"level":"error","ts":"2026-04-30T12:11:48.652+0800","caller":"bluebell/main.go:40","msg":"failed to init redis","error":"dial tcp 127.0.0.1:6379: connect: connection refused"}
{"level":"info","ts":"2026-04-30T12:14:11.491+0800","caller":"bluebell/main.go:28","msg":"logger init success"}
{"level":"info","ts":"2026-04-30T12:14:11.491+0800","caller":"bluebell/main.go:36","msg":"init mysql success"}
{"level":"info","ts":"2026-04-30T12:14:11.492+0800","caller":"bluebell/main.go:44","msg":"init redis success"}
{"level":"info","ts":"2026-04-30T12:14:11.492+0800","caller":"bluebell/main.go:52","msg":"init snowflake node success"}
{"level":"info","ts":"2026-04-30T12:17:14.786+0800","caller":"logger/logger.go:91","msg":"/register","status":200,"method":"POST","query":"","ip":"127.0.0.1","user-agent":"PostmanRuntime/7.53.0","cost":0.055663821}
{"level":"info","ts":"2026-04-30T12:17:28.276+0800","caller":"logger/logger.go:91","msg":"/login","status":200,"method":"POST","query":"","ip":"127.0.0.1","user-agent":"PostmanRuntime/7.53.0","cost":0.053473877}
{"level":"error","ts":"2026-04-30T12:17:38.004+0800","caller":"controllers/user.go:73","msg":"验证失败","error":"验证失败"}
{"level":"info","ts":"2026-04-30T12:17:38.004+0800","caller":"logger/logger.go:91","msg":"/login","status":200,"method":"POST","query":"","ip":"127.0.0.1","user-agent":"PostmanRuntime/7.53.0","cost":0.055492087}
{"level":"info","ts":"2026-04-30T15:49:40.012+0800","caller":"bluebell/main.go:28","msg":"logger init success"}
{"level":"info","ts":"2026-04-30T15:49:40.013+0800","caller":"bluebell/main.go:36","msg":"init mysql success"}
{"level":"info","ts":"2026-04-30T15:49:40.014+0800","caller":"bluebell/main.go:44","msg":"init redis success"}
{"level":"info","ts":"2026-04-30T15:49:40.014+0800","caller":"bluebell/main.go:52","msg":"init snowflake node success"}
{"level":"info","ts":"2026-04-30T15:50:17.831+0800","caller":"logger/logger.go:91","msg":"/register","status":200,"method":"POST","query":"","ip":"127.0.0.1","user-agent":"PostmanRuntime/7.53.0","cost":0.054507953}
{"level":"info","ts":"2026-04-30T15:50:44.101+0800","caller":"logger/logger.go:91","msg":"/login","status":200,"method":"POST","query":"","ip":"127.0.0.1","user-agent":"PostmanRuntime/7.53.0","cost":0.053012126}
{"level":"error","ts":"2026-04-30T15:50:52.360+0800","caller":"controllers/user.go:56","msg":"参数绑定失败","error":"invalid character '}' looking for beginning of object key string"}
{"level":"info","ts":"2026-04-30T15:50:52.360+0800","caller":"logger/logger.go:91","msg":"/login","status":400,"method":"POST","query":"","ip":"127.0.0.1","user-agent":"PostmanRuntime/7.53.0","cost":0.00015106}
{"level":"info","ts":"2026-04-30T15:51:05.102+0800","caller":"logger/logger.go:91","msg":"/login","status":200,"method":"POST","query":"","ip":"127.0.0.1","user-agent":"PostmanRuntime/7.53.0","cost":0.0534589}
{"level":"error","ts":"2026-04-30T15:51:10.834+0800","caller":"controllers/user.go:56","msg":"参数绑定失败","error":"invalid character '}' looking for beginning of object key string"}
{"level":"info","ts":"2026-04-30T15:51:10.834+0800","caller":"logger/logger.go:91","msg":"/login","status":400,"method":"POST","query":"","ip":"127.0.0.1","user-agent":"PostmanRuntime/7.53.0","cost":0.000081533}
{"level":"info","ts":"2026-04-30T15:52:18.210+0800","caller":"bluebell/main.go:28","msg":"logger init success"}
{"level":"info","ts":"2026-04-30T15:52:18.210+0800","caller":"bluebell/main.go:36","msg":"init mysql success"}
{"level":"info","ts":"2026-04-30T15:52:18.211+0800","caller":"bluebell/main.go:44","msg":"init redis success"}
{"level":"info","ts":"2026-04-30T15:52:18.211+0800","caller":"bluebell/main.go:52","msg":"init snowflake node success"}
{"level":"error","ts":"2026-04-30T15:52:23.343+0800","caller":"controllers/user.go:56","msg":"参数绑定失败","error":"invalid character '}' looking for beginning of object key string"}
{"level":"info","ts":"2026-04-30T15:52:23.343+0800","caller":"logger/logger.go:91","msg":"/login","status":400,"method":"POST","query":"","ip":"127.0.0.1","user-agent":"PostmanRuntime/7.53.0","cost":0.000206148}
{"level":"info","ts":"2026-04-30T15:52:29.853+0800","caller":"logger/logger.go:91","msg":"/login","status":200,"method":"POST","query":"","ip":"127.0.0.1","user-agent":"PostmanRuntime/7.53.0","cost":0.052682609}
